  error - Target of URI doesn't exist: 'realtime_data_provider.dart' - lib\features\device\presentation\providers\analytics_providers_export.dart:8:8 - uri_does_not_exist
  error - Undefined name 'ProviderFor' used as an annotation - lib\features\device\presentation\providers\export_premium_provider.g.dart:37:1 - undefined_annotation
  error - Undefined name 'generateCsvExport' - lib\features\device\presentation\providers\export_premium_provider.g.dart:37:14 - undefined_identifier
  error - Classes can only extend other classes - lib\features\device\presentation\providers\export_premium_provider.g.dart:45:39 - extends_non_class
  error - The name 'AsyncValue' isn't a type, so it can't be used as a type argument - lib\features\device\presentation\providers\export_premium_provider.g.dart:45:46 - non_type_as_type_argument
  error - The name 'ExportResult' isn't a type, so it can't be used as a type argument - lib\features\device\presentation\providers\export_premium_provider.g.dart:45:57 - non_type_as_type_argument
  error - The name 'ProviderOrFamily' isn't a type, so it can't be used as a type argument - lib\features\device\presentation\providers\export_premium_provider.g.dart:69:25 - non_type_as_type_argument
  error - The name 'ProviderOrFamily' isn't a type, so it can't be used as a type argument - lib\features\device\presentation\providers\export_premium_provider.g.dart:72:12 - non_type_as_type_argument
  error - The name 'ProviderOrFamily' isn't a type, so it can't be used as a type argument - lib\features\device\presentation\providers\export_premium_provider.g.dart:74:25 - non_type_as_type_argument
  error - The name 'ProviderOrFamily' isn't a type, so it can't be used as a type argument - lib\features\device\presentation\providers\export_premium_provider.g.dart:77:12 - non_type_as_type_argument
  error - Classes can only extend other classes - lib\features\device\presentation\providers\export_premium_provider.g.dart:90:13 - extends_non_class
  error - The name 'ExportResult' isn't a type, so it can't be used as a type argument - lib\features\device\presentation\providers\export_premium_provider.g.dart:90:39 - non_type_as_type_argument
  error - The method 'generateCsvExport' isn't defined for the type 'GenerateCsvExportProvider' - lib\features\device\presentation\providers\export_premium_provider.g.dart:99:13 - undefined_method
  error - No associated positional super constructor parameter - lib\features\device\presentation\providers\export_premium_provider.g.dart:113:11 - super_formal_parameter_without_associated_positional
  error - No associated named super constructor parameter - lib\features\device\presentation\providers\export_premium_provider.g.dart:114:20 - super_formal_parameter_without_associated_named
  error - No associated named super constructor parameter - lib\features\device\presentation\providers\export_premium_provider.g.dart:115:20 - super_formal_parameter_without_associated_named
  error - No associated named super constructor parameter - lib\features\device\presentation\providers\export_premium_provider.g.dart:116:20 - super_formal_parameter_without_associated_named
  error - No associated named super constructor parameter - lib\features\device\presentation\providers\export_premium_provider.g.dart:117:20 - super_formal_parameter_without_associated_named
  error - No associated named super constructor parameter - lib\features\device\presentation\providers\export_premium_provider.g.dart:118:20 - super_formal_parameter_without_associated_named
  error - The class 'Object' doesn't have a constructor named 'internal' - lib\features\device\presentation\providers\export_premium_provider.g.dart:121:8 - undefined_constructor_in_initializer
  error - Undefined class 'Override' - lib\features\device\presentation\providers\export_premium_provider.g.dart:127:3 - undefined_class
  error - Undefined class 'FutureOr' - lib\features\device\presentation\providers\export_premium_provider.g.dart:128:5 - undefined_class
  error - The name 'ExportResult' isn't a type, so it can't be used as a type argument - lib\features\device\presentation\providers\export_premium_provider.g.dart:128:14 - non_type_as_type_argument
  error - The method 'ProviderOverride' isn't defined for the type 'GenerateCsvExportProvider' - lib\features\device\presentation\providers\export_premium_provider.g.dart:130:12 - undefined_method
  error - Undefined name 'from' - lib\features\device\presentation\providers\export_premium_provider.g.dart:134:15 - undefined_identifier
  error - Undefined class 'AutoDisposeFutureProviderElement' - lib\features\device\presentation\providers\export_premium_provider.g.dart:146:3 - undefined_class
  error - The name 'ExportResult' isn't a type, so it can't be used as a type argument - lib\features\device\presentation\providers\export_premium_provider.g.dart:146:36 - non_type_as_type_argument
  error - Only classes and mixins can be used as superclass constraints - lib\features\device\presentation\providers\export_premium_provider.g.dart:169:31 - mixin_super_class_constraint_non_interface
  error - Undefined class 'AutoDisposeFutureProviderRef' - lib\features\device\presentation\providers\export_premium_provider.g.dart:169:31 - undefined_class
  error - The name 'ExportResult' isn't a type, so it can't be used as a type argument - lib\features\device\presentation\providers\export_premium_provider.g.dart:169:60 - non_type_as_type_argument
  error - Mixin can only be applied to class - lib\features\device\presentation\providers\export_premium_provider.g.dart:178:13 - mixin_with_non_class_superclass
  error - The name 'ExportResult' isn't a type, so it can't be used as a type argument - lib\features\device\presentation\providers\export_premium_provider.g.dart:178:46 - non_type_as_type_argument
  error - No associated positional super constructor parameter - lib\features\device\presentation\providers\export_premium_provider.g.dart:180:43 - super_formal_parameter_without_associated_positional
  error - Undefined name 'origin' - lib\features\device\presentation\providers\export_premium_provider.g.dart:183:25 - undefined_identifier
  error - Undefined name 'origin' - lib\features\device\presentation\providers\export_premium_provider.g.dart:185:27 - undefined_identifier
  error - Undefined name 'ProviderFor' used as an annotation - lib\features\device\presentation\providers\export_premium_provider.g.dart:195:1 - undefined_annotation
  error - Undefined name 'generatePdfExport' - lib\features\device\presentation\providers\export_premium_provider.g.dart:195:14 - undefined_identifier
  error - Classes can only extend other classes - lib\features\device\presentation\providers\export_premium_provider.g.dart:203:39 - extends_non_class
  error - The name 'AsyncValue' isn't a type, so it can't be used as a type argument - lib\features\device\presentation\providers\export_premium_provider.g.dart:203:46 - non_type_as_type_argument
  error - The name 'ExportResult' isn't a type, so it can't be used as a type argument - lib\features\device\presentation\providers\export_premium_provider.g.dart:203:57 - non_type_as_type_argument
  error - The name 'ProviderOrFamily' isn't a type, so it can't be used as a type argument - lib\features\device\presentation\providers\export_premium_provider.g.dart:227:25 - non_type_as_type_argument
  error - The name 'ProviderOrFamily' isn't a type, so it can't be used as a type argument - lib\features\device\presentation\providers\export_premium_provider.g.dart:230:12 - non_type_as_type_argument
  error - The name 'ProviderOrFamily' isn't a type, so it can't be used as a type argument - lib\features\device\presentation\providers\export_premium_provider.g.dart:232:25 - non_type_as_type_argument
  error - The name 'ProviderOrFamily' isn't a type, so it can't be used as a type argument - lib\features\device\presentation\providers\export_premium_provider.g.dart:235:12 - non_type_as_type_argument
  error - Classes can only extend other classes - lib\features\device\presentation\providers\export_premium_provider.g.dart:248:13 - extends_non_class
  error - The name 'ExportResult' isn't a type, so it can't be used as a type argument - lib\features\device\presentation\providers\export_premium_provider.g.dart:248:39 - non_type_as_type_argument
  error - The method 'generatePdfExport' isn't defined for the type 'GeneratePdfExportProvider' - lib\features\device\presentation\providers\export_premium_provider.g.dart:257:13 - undefined_method
  error - No associated positional super constructor parameter - lib\features\device\presentation\providers\export_premium_provider.g.dart:271:11 - super_formal_parameter_without_associated_positional
  error - No associated named super constructor parameter - lib\features\device\presentation\providers\export_premium_provider.g.dart:272:20 - super_formal_parameter_without_associated_named
  error - No associated named super constructor parameter - lib\features\device\presentation\providers\export_premium_provider.g.dart:273:20 - super_formal_parameter_without_associated_named
  error - No associated named super constructor parameter - lib\features\device\presentation\providers\export_premium_provider.g.dart:274:20 - super_formal_parameter_without_associated_named
  error - No associated named super constructor parameter - lib\features\device\presentation\providers\export_premium_provider.g.dart:275:20 - super_formal_parameter_without_associated_named
  error - No associated named super constructor parameter - lib\features\device\presentation\providers\export_premium_provider.g.dart:276:20 - super_formal_parameter_without_associated_named
  error - The class 'Object' doesn't have a constructor named 'internal' - lib\features\device\presentation\providers\export_premium_provider.g.dart:279:8 - undefined_constructor_in_initializer
  error - Undefined class 'Override' - lib\features\device\presentation\providers\export_premium_provider.g.dart:285:3 - undefined_class
  error - Undefined class 'FutureOr' - lib\features\device\presentation\providers\export_premium_provider.g.dart:286:5 - undefined_class
  error - The name 'ExportResult' isn't a type, so it can't be used as a type argument - lib\features\device\presentation\providers\export_premium_provider.g.dart:286:14 - non_type_as_type_argument
  error - The method 'ProviderOverride' isn't defined for the type 'GeneratePdfExportProvider' - lib\features\device\presentation\providers\export_premium_provider.g.dart:288:12 - undefined_method
  error - Undefined name 'from' - lib\features\device\presentation\providers\export_premium_provider.g.dart:292:15 - undefined_identifier
  error - Undefined class 'AutoDisposeFutureProviderElement' - lib\features\device\presentation\providers\export_premium_provider.g.dart:304:3 - undefined_class
  error - The name 'ExportResult' isn't a type, so it can't be used as a type argument - lib\features\device\presentation\providers\export_premium_provider.g.dart:304:36 - non_type_as_type_argument
  error - Only classes and mixins can be used as superclass constraints - lib\features\device\presentation\providers\export_premium_provider.g.dart:327:31 - mixin_super_class_constraint_non_interface
  error - Undefined class 'AutoDisposeFutureProviderRef' - lib\features\device\presentation\providers\export_premium_provider.g.dart:327:31 - undefined_class
  error - The name 'ExportResult' isn't a type, so it can't be used as a type argument - lib\features\device\presentation\providers\export_premium_provider.g.dart:327:60 - non_type_as_type_argument
  error - Mixin can only be applied to class - lib\features\device\presentation\providers\export_premium_provider.g.dart:336:13 - mixin_with_non_class_superclass
  error - The name 'ExportResult' isn't a type, so it can't be used as a type argument - lib\features\device\presentation\providers\export_premium_provider.g.dart:336:46 - non_type_as_type_argument
  error - No associated positional super constructor parameter - lib\features\device\presentation\providers\export_premium_provider.g.dart:338:43 - super_formal_parameter_without_associated_positional
  error - Undefined name 'origin' - lib\features\device\presentation\providers\export_premium_provider.g.dart:341:25 - undefined_identifier
  error - Undefined name 'origin' - lib\features\device\presentation\providers\export_premium_provider.g.dart:343:27 - undefined_identifier
  error - Undefined name 'ProviderFor' used as an annotation - lib\features\device\presentation\providers\export_premium_provider.g.dart:354:1 - undefined_annotation
  error - Undefined name 'generateJsonExport' - lib\features\device\presentation\providers\export_premium_provider.g.dart:354:14 - undefined_identifier
  error - Classes can only extend other classes - lib\features\device\presentation\providers\export_premium_provider.g.dart:362:40 - extends_non_class
  error - The name 'AsyncValue' isn't a type, so it can't be used as a type argument - lib\features\device\presentation\providers\export_premium_provider.g.dart:362:47 - non_type_as_type_argument
  error - The name 'ExportResult' isn't a type, so it can't be used as a type argument - lib\features\device\presentation\providers\export_premium_provider.g.dart:362:58 - non_type_as_type_argument
  error - The name 'ProviderOrFamily' isn't a type, so it can't be used as a type argument - lib\features\device\presentation\providers\export_premium_provider.g.dart:386:25 - non_type_as_type_argument
  error - The name 'ProviderOrFamily' isn't a type, so it can't be used as a type argument - lib\features\device\presentation\providers\export_premium_provider.g.dart:389:12 - non_type_as_type_argument
  error - The name 'ProviderOrFamily' isn't a type, so it can't be used as a type argument - lib\features\device\presentation\providers\export_premium_provider.g.dart:391:25 - non_type_as_type_argument
  error - The name 'ProviderOrFamily' isn't a type, so it can't be used as a type argument - lib\features\device\presentation\providers\export_premium_provider.g.dart:394:12 - non_type_as_type_argument
  error - Classes can only extend other classes - lib\features\device\presentation\providers\export_premium_provider.g.dart:407:13 - extends_non_class
  error - The name 'ExportResult' isn't a type, so it can't be used as a type argument - lib\features\device\presentation\providers\export_premium_provider.g.dart:407:39 - non_type_as_type_argument
  error - The method 'generateJsonExport' isn't defined for the type 'GenerateJsonExportProvider' - lib\features\device\presentation\providers\export_premium_provider.g.dart:416:13 - undefined_method
  error - No associated positional super constructor parameter - lib\features\device\presentation\providers\export_premium_provider.g.dart:430:11 - super_formal_parameter_without_associated_positional
  error - No associated named super constructor parameter - lib\features\device\presentation\providers\export_premium_provider.g.dart:431:20 - super_formal_parameter_without_associated_named
  error - No associated named super constructor parameter - lib\features\device\presentation\providers\export_premium_provider.g.dart:432:20 - super_formal_parameter_without_associated_named
  error - No associated named super constructor parameter - lib\features\device\presentation\providers\export_premium_provider.g.dart:433:20 - super_formal_parameter_without_associated_named
  error - No associated named super constructor parameter - lib\features\device\presentation\providers\export_premium_provider.g.dart:434:20 - super_formal_parameter_without_associated_named
  error - No associated named super constructor parameter - lib\features\device\presentation\providers\export_premium_provider.g.dart:435:20 - super_formal_parameter_without_associated_named
  error - The class 'Object' doesn't have a constructor named 'internal' - lib\features\device\presentation\providers\export_premium_provider.g.dart:438:8 - undefined_constructor_in_initializer
  error - Undefined class 'Override' - lib\features\device\presentation\providers\export_premium_provider.g.dart:444:3 - undefined_class
  error - Undefined class 'FutureOr' - lib\features\device\presentation\providers\export_premium_provider.g.dart:445:5 - undefined_class
  error - The name 'ExportResult' isn't a type, so it can't be used as a type argument - lib\features\device\presentation\providers\export_premium_provider.g.dart:445:14 - non_type_as_type_argument
  error - The method 'ProviderOverride' isn't defined for the type 'GenerateJsonExportProvider' - lib\features\device\presentation\providers\export_premium_provider.g.dart:447:12 - undefined_method
  error - Undefined name 'from' - lib\features\device\presentation\providers\export_premium_provider.g.dart:451:15 - undefined_identifier
  error - Undefined class 'AutoDisposeFutureProviderElement' - lib\features\device\presentation\providers\export_premium_provider.g.dart:463:3 - undefined_class
  error - The name 'ExportResult' isn't a type, so it can't be used as a type argument - lib\features\device\presentation\providers\export_premium_provider.g.dart:463:36 - non_type_as_type_argument
  error - Only classes and mixins can be used as superclass constraints - lib\features\device\presentation\providers\export_premium_provider.g.dart:486:32 - mixin_super_class_constraint_non_interface
  error - Undefined class 'AutoDisposeFutureProviderRef' - lib\features\device\presentation\providers\export_premium_provider.g.dart:486:32 - undefined_class
  error - The name 'ExportResult' isn't a type, so it can't be used as a type argument - lib\features\device\presentation\providers\export_premium_provider.g.dart:486:61 - non_type_as_type_argument
  error - Mixin can only be applied to class - lib\features\device\presentation\providers\export_premium_provider.g.dart:495:13 - mixin_with_non_class_superclass
  error - The name 'ExportResult' isn't a type, so it can't be used as a type argument - lib\features\device\presentation\providers\export_premium_provider.g.dart:495:46 - non_type_as_type_argument
  error - No associated positional super constructor parameter - lib\features\device\presentation\providers\export_premium_provider.g.dart:497:44 - super_formal_parameter_without_associated_positional
  error - Undefined name 'origin' - lib\features\device\presentation\providers\export_premium_provider.g.dart:500:25 - undefined_identifier
  error - Undefined name 'origin' - lib\features\device\presentation\providers\export_premium_provider.g.dart:502:27 - undefined_identifier
  error - Undefined name 'ProviderFor' used as an annotation - lib\features\device\presentation\providers\realtime_data_provider.g.dart:38:1 - undefined_annotation
  error - Undefined name 'cachedRealtimeStream' - lib\features\device\presentation\providers\realtime_data_provider.g.dart:38:14 - undefined_identifier
  error - Classes can only extend other classes - lib\features\device\presentation\providers\realtime_data_provider.g.dart:46:42 - extends_non_class
  error - The name 'AsyncValue' isn't a type, so it can't be used as a type argument - lib\features\device\presentation\providers\realtime_data_provider.g.dart:46:49 - non_type_as_type_argument
  error - The name 'RealtimeDataState' isn't a type, so it can't be used as a type argument - lib\features\device\presentation\providers\realtime_data_provider.g.dart:46:60 - non_type_as_type_argument
  error - The name 'ProviderOrFamily' isn't a type, so it can't be used as a type argument - lib\features\device\presentation\providers\realtime_data_provider.g.dart:70:25 - non_type_as_type_argument
  error - The name 'ProviderOrFamily' isn't a type, so it can't be used as a type argument - lib\features\device\presentation\providers\realtime_data_provider.g.dart:73:12 - non_type_as_type_argument
  error - The name 'ProviderOrFamily' isn't a type, so it can't be used as a type argument - lib\features\device\presentation\providers\realtime_data_provider.g.dart:75:25 - non_type_as_type_argument
  error - The name 'ProviderOrFamily' isn't a type, so it can't be used as a type argument - lib\features\device\presentation\providers\realtime_data_provider.g.dart:78:12 - non_type_as_type_argument
  error - Classes can only extend other classes - lib\features\device\presentation\providers\realtime_data_provider.g.dart:91:13 - extends_non_class
  error - The name 'RealtimeDataState' isn't a type, so it can't be used as a type argument - lib\features\device\presentation\providers\realtime_data_provider.g.dart:91:39 - non_type_as_type_argument
  error - The method 'cachedRealtimeStream' isn't defined for the type 'CachedRealtimeStreamProvider' - lib\features\device\presentation\providers\realtime_data_provider.g.dart:99:18 - undefined_method
  error - No associated positional super constructor parameter - lib\features\device\presentation\providers\realtime_data_provider.g.dart:117:11 - super_formal_parameter_without_associated_positional
  error - No associated named super constructor parameter - lib\features\device\presentation\providers\realtime_data_provider.g.dart:118:20 - super_formal_parameter_without_associated_named
  error - No associated named super constructor parameter - lib\features\device\presentation\providers\realtime_data_provider.g.dart:119:20 - super_formal_parameter_without_associated_named
  error - No associated named super constructor parameter - lib\features\device\presentation\providers\realtime_data_provider.g.dart:120:20 - super_formal_parameter_without_associated_named
  error - No associated named super constructor parameter - lib\features\device\presentation\providers\realtime_data_provider.g.dart:121:20 - super_formal_parameter_without_associated_named
  error - No associated named super constructor parameter - lib\features\device\presentation\providers\realtime_data_provider.g.dart:122:20 - super_formal_parameter_without_associated_named
  error - The class 'Object' doesn't have a constructor named 'internal' - lib\features\device\presentation\providers\realtime_data_provider.g.dart:125:8 - undefined_constructor_in_initializer
  error - Undefined class 'Override' - lib\features\device\presentation\providers\realtime_data_provider.g.dart:131:3 - undefined_class
  error - The name 'RealtimeDataState' isn't a type, so it can't be used as a type argument - lib\features\device\presentation\providers\realtime_data_provider.g.dart:132:12 - non_type_as_type_argument
  error - The method 'ProviderOverride' isn't defined for the type 'CachedRealtimeStreamProvider' - lib\features\device\presentation\providers\realtime_data_provider.g.dart:134:12 - undefined_method
  error - Undefined name 'from' - lib\features\device\presentation\providers\realtime_data_provider.g.dart:138:15 - undefined_identifier
  error - Undefined class 'AutoDisposeStreamProviderElement' - lib\features\device\presentation\providers\realtime_data_provider.g.dart:150:3 - undefined_class
  error - The name 'RealtimeDataState' isn't a type, so it can't be used as a type argument - lib\features\device\presentation\providers\realtime_data_provider.g.dart:150:36 - non_type_as_type_argument
  error - Only classes and mixins can be used as superclass constraints - lib\features\device\presentation\providers\realtime_data_provider.g.dart:174:8 - mixin_super_class_constraint_non_interface
  error - Undefined class 'AutoDisposeStreamProviderRef' - lib\features\device\presentation\providers\realtime_data_provider.g.dart:174:8 - undefined_class
  error - The name 'RealtimeDataState' isn't a type, so it can't be used as a type argument - lib\features\device\presentation\providers\realtime_data_provider.g.dart:174:37 - non_type_as_type_argument
  error - Mixin can only be applied to class - lib\features\device\presentation\providers\realtime_data_provider.g.dart:183:13 - mixin_with_non_class_superclass
  error - The name 'RealtimeDataState' isn't a type, so it can't be used as a type argument - lib\features\device\presentation\providers\realtime_data_provider.g.dart:183:46 - non_type_as_type_argument
  error - No associated positional super constructor parameter - lib\features\device\presentation\providers\realtime_data_provider.g.dart:185:46 - super_formal_parameter_without_associated_positional
  error - Undefined name 'origin' - lib\features\device\presentation\providers\realtime_data_provider.g.dart:188:25 - undefined_identifier
  error - Undefined name 'origin' - lib\features\device\presentation\providers\realtime_data_provider.g.dart:190:27 - undefined_identifier
  error - Classes can only extend other classes - lib\features\device\presentation\providers\realtime_data_provider.g.dart:196:13 - extends_non_class
  error - The name 'RealtimeDataState' isn't a type, so it can't be used as a type argument - lib\features\device\presentation\providers\realtime_data_provider.g.dart:196:42 - non_type_as_type_argument
  error - Undefined class 'RealtimeDataState' - lib\features\device\presentation\providers\realtime_data_provider.g.dart:200:3 - undefined_class
  error - Undefined name 'ProviderFor' used as an annotation - lib\features\device\presentation\providers\realtime_data_provider.g.dart:208:1 - undefined_annotation
  error - Undefined name 'RealtimeData' - lib\features\device\presentation\providers\realtime_data_provider.g.dart:208:14 - undefined_identifier
  error - Classes can only extend other classes - lib\features\device\presentation\providers\realtime_data_provider.g.dart:216:34 - extends_non_class
  error - The name 'RealtimeDataState' isn't a type, so it can't be used as a type argument - lib\features\device\presentation\providers\realtime_data_provider.g.dart:216:41 - non_type_as_type_argument
  error - The name 'ProviderOrFamily' isn't a type, so it can't be used as a type argument - lib\features\device\presentation\providers\realtime_data_provider.g.dart:240:25 - non_type_as_type_argument
  error - The name 'ProviderOrFamily' isn't a type, so it can't be used as a type argument - lib\features\device\presentation\providers\realtime_data_provider.g.dart:243:12 - non_type_as_type_argument
  error - The name 'ProviderOrFamily' isn't a type, so it can't be used as a type argument - lib\features\device\presentation\providers\realtime_data_provider.g.dart:245:25 - non_type_as_type_argument
  error - The name 'ProviderOrFamily' isn't a type, so it can't be used as a type argument - lib\features\device\presentation\providers\realtime_data_provider.g.dart:248:12 - non_type_as_type_argument
  error - Classes can only extend other classes - lib\features\device\presentation\providers\realtime_data_provider.g.dart:261:13 - extends_non_class
  error - The name 'RealtimeData' isn't a type, so it can't be used as a type argument - lib\features\device\presentation\providers\realtime_data_provider.g.dart:261:45 - non_type_as_type_argument
  error - The name 'RealtimeDataState' isn't a type, so it can't be used as a type argument - lib\features\device\presentation\providers\realtime_data_provider.g.dart:261:59 - non_type_as_type_argument
  error - The method 'RealtimeData' isn't defined for the type 'RealtimeDataProvider' - lib\features\device\presentation\providers\realtime_data_provider.g.dart:269:15 - undefined_method
  error - No associated positional super constructor parameter - lib\features\device\presentation\providers\realtime_data_provider.g.dart:285:11 - super_formal_parameter_without_associated_positional
  error - No associated named super constructor parameter - lib\features\device\presentation\providers\realtime_data_provider.g.dart:286:20 - super_formal_parameter_without_associated_named
  error - No associated named super constructor parameter - lib\features\device\presentation\providers\realtime_data_provider.g.dart:287:20 - super_formal_parameter_without_associated_named
  error - No associated named super constructor parameter - lib\features\device\presentation\providers\realtime_data_provider.g.dart:288:20 - super_formal_parameter_without_associated_named
  error - No associated named super constructor parameter - lib\features\device\presentation\providers\realtime_data_provider.g.dart:289:20 - super_formal_parameter_without_associated_named
  error - No associated named super constructor parameter - lib\features\device\presentation\providers\realtime_data_provider.g.dart:290:20 - super_formal_parameter_without_associated_named
  error - The class 'Object' doesn't have a constructor named 'internal' - lib\features\device\presentation\providers\realtime_data_provider.g.dart:293:8 - undefined_constructor_in_initializer
  error - Undefined class 'RealtimeDataState' - lib\features\device\presentation\providers\realtime_data_provider.g.dart:299:3 - undefined_class
  error - Undefined class 'RealtimeData' - lib\features\device\presentation\providers\realtime_data_provider.g.dart:299:48 - undefined_class
  error - Undefined class 'Override' - lib\features\device\presentation\providers\realtime_data_provider.g.dart:304:3 - undefined_class
  error - Undefined class 'RealtimeData' - lib\features\device\presentation\providers\realtime_data_provider.g.dart:304:25 - undefined_class
  error - The method 'ProviderOverride' isn't defined for the type 'RealtimeDataProvider' - lib\features\device\presentation\providers\realtime_data_provider.g.dart:305:12 - undefined_method
  error - Undefined name 'from' - lib\features\device\presentation\providers\realtime_data_provider.g.dart:311:15 - undefined_identifier
  error - Undefined class 'AutoDisposeNotifierProviderElement' - lib\features\device\presentation\providers\realtime_data_provider.g.dart:323:3 - undefined_class
  error - The name 'RealtimeData' isn't a type, so it can't be used as a type argument - lib\features\device\presentation\providers\realtime_data_provider.g.dart:323:38 - non_type_as_type_argument
  error - The name 'RealtimeDataState' isn't a type, so it can't be used as a type argument - lib\features\device\presentation\providers\realtime_data_provider.g.dart:323:52 - non_type_as_type_argument
  error - Only classes and mixins can be used as superclass constraints - lib\features\device\presentation\providers\realtime_data_provider.g.dart:347:26 - mixin_super_class_constraint_non_interface
  error - Undefined class 'AutoDisposeNotifierProviderRef' - lib\features\device\presentation\providers\realtime_data_provider.g.dart:347:26 - undefined_class
  error - The name 'RealtimeDataState' isn't a type, so it can't be used as a type argument - lib\features\device\presentation\providers\realtime_data_provider.g.dart:347:57 - non_type_as_type_argument
  error - Mixin can only be applied to class - lib\features\device\presentation\providers\realtime_data_provider.g.dart:356:13 - mixin_with_non_class_superclass
  error - The name 'RealtimeData' isn't a type, so it can't be used as a type argument - lib\features\device\presentation\providers\realtime_data_provider.g.dart:356:48 - non_type_as_type_argument
  error - The name 'RealtimeDataState' isn't a type, so it can't be used as a type argument - lib\features\device\presentation\providers\realtime_data_provider.g.dart:356:62 - non_type_as_type_argument
  error - No associated positional super constructor parameter - lib\features\device\presentation\providers\realtime_data_provider.g.dart:358:38 - super_formal_parameter_without_associated_positional
  error - Undefined name 'origin' - lib\features\device\presentation\providers\realtime_data_provider.g.dart:361:25 - undefined_identifier
  error - Undefined name 'origin' - lib\features\device\presentation\providers\realtime_data_provider.g.dart:363:27 - undefined_identifier
  error - Target of URI doesn't exist: '../../presentation/providers/health_score_calculation_advanced.dart' - lib\features\device\presentation\widgets\compact_hero_health_card.dart:5:8 - uri_does_not_exist
  error - Target of URI doesn't exist: '../../presentation/providers/sensor_freshness_provider_v2.dart' - lib\features\device\presentation\widgets\compact_hero_health_card.dart:6:8 - uri_does_not_exist
  error - The method 'healthScoreCalculationAdvanced' isn't defined for the type '_CompactHeroHealthCardState' - lib\features\device\presentation\widgets\compact_hero_health_card.dart:49:7 - undefined_method
  error - The method 'sensorFreshnessProviderV2' isn't defined for the type '_CompactHeroHealthCardState' - lib\features\device\presentation\widgets\compact_hero_health_card.dart:53:7 - undefined_method
  error - The argument type 'Future<AnalyticsDataSnapshot>' can't be assigned to the parameter type 'ProviderListenable<dynamic>'.  - lib\features\device\presentation\widgets\compact_hero_health_card.dart:57:7 - argument_type_not_assignable
  error - The argument type 'String' can't be assigned to the parameter type 'UnifiedAnalyticsProviderRef'.  - lib\features\device\presentation\widgets\compact_hero_health_card.dart:57:32 - argument_type_not_assignable
  error - 3 positional arguments expected by 'unifiedAnalyticsProvider', but 2 found - lib\features\device\presentation\widgets\compact_hero_health_card.dart:57:62 - not_enough_positional_arguments
  error - Undefined class 'HealthScoreResult' - lib\features\device\presentation\widgets\compact_hero_health_card.dart:82:5 - undefined_class
  error - Undefined class 'SensorFreshnessSnapshot' - lib\features\device\presentation\widgets\compact_hero_health_card.dart:83:5 - undefined_class
  error - Undefined class 'OperationalState' - lib\features\device\presentation\widgets\compact_hero_health_card.dart:353:25 - undefined_class
  error - Undefined name 'OperationalState' - lib\features\device\presentation\widgets\compact_hero_health_card.dart:355:7 - undefined_identifier
  error - Undefined name 'OperationalState' - lib\features\device\presentation\widgets\compact_hero_health_card.dart:356:7 - undefined_identifier
  error - Undefined name 'OperationalState' - lib\features\device\presentation\widgets\compact_hero_health_card.dart:357:7 - undefined_identifier
  error - Undefined name 'OperationalState' - lib\features\device\presentation\widgets\compact_hero_health_card.dart:358:7 - undefined_identifier
  error - Target of URI doesn't exist: '../../presentation/providers/health_score_calculation_advanced.dart' - lib\features\device\presentation\widgets\compact_performance_comparison_card.dart:5:8 - uri_does_not_exist
  error - The method 'healthScoreCalculationAdvanced' isn't defined for the type 'CompactPerformanceComparisonCard' - lib\features\device\presentation\widgets\compact_performance_comparison_card.dart:21:7 - undefined_method
  error - The getter 'white50' isn't defined for the type 'Colors' - lib\features\device\presentation\widgets\compact_performance_comparison_card.dart:100:53 - undefined_getter
  error - The getter 'white40' isn't defined for the type 'Colors' - lib\features\device\presentation\widgets\compact_performance_comparison_card.dart:114:47 - undefined_getter
  error - The getter 'white50' isn't defined for the type 'Colors' - lib\features\device\presentation\widgets\compact_performance_comparison_card.dart:256:31 - undefined_getter
  error - Target of URI doesn't exist: 'action_center_widget_redesigned.dart' - lib\features\device\presentation\widgets\new_analytics_screen.dart:10:8 - uri_does_not_exist
  error - Target of URI doesn't exist: 'compact_loading_shimmer.dart' - lib\features\device\presentation\widgets\new_analytics_screen.dart:11:8 - uri_does_not_exist
  error - Target of URI doesn't exist: '../../presentation/providers/export_premium_provider.dart' - lib\features\device\presentation\widgets\new_analytics_screen.dart:12:8 - uri_does_not_exist
  error - The method 'CompactLoadingShimmer' isn't defined for the type '_NewAnalyticsScreenState' - lib\features\device\presentation\widgets\new_analytics_screen.dart:150:21 - undefined_method
  error - The method 'ActionCenterWidgetRedesigned' isn't defined for the type '_NewAnalyticsScreenState' - lib\features\device\presentation\widgets\new_analytics_screen.dart:210:21 - undefined_method
  error - The method 'generateCsvExport' isn't defined for the type '_NewAnalyticsScreenState' - lib\features\device\presentation\widgets\new_analytics_screen.dart:363:15 - undefined_method
  error - The method 'generatePdfExport' isn't defined for the type '_NewAnalyticsScreenState' - lib\features\device\presentation\widgets\new_analytics_screen.dart:367:15 - undefined_method
  error - The method 'generateJsonExport' isn't defined for the type '_NewAnalyticsScreenState' - lib\features\device\presentation\widgets\new_analytics_screen.dart:371:15 - undefined_method
  error - The property 'success' can't be unconditionally accessed because the receiver can be 'null' - lib\features\device\presentation\widgets\new_analytics_screen.dart:380:22 - unchecked_use_of_nullable_value
  error - The property 'filename' can't be unconditionally accessed because the receiver can be 'null' - lib\features\device\presentation\widgets\new_analytics_screen.dart:381:47 - unchecked_use_of_nullable_value
  error - The property 'error' can't be unconditionally accessed because the receiver can be 'null' - lib\features\device\presentation\widgets\new_analytics_screen.dart:382:46 - unchecked_use_of_nullable_value
  error - The property 'success' can't be unconditionally accessed because the receiver can be 'null' - lib\features\device\presentation\widgets\new_analytics_screen.dart:384:37 - unchecked_use_of_nullable_value
  error - The argument type 'Future<List<DetectedAnomaly>>' can't be assigned to the parameter type 'ProviderListenable<dynamic>'.  - lib\features\device\presentation\widgets\premium_anomaly_widget_redesigned.dart:20:7 - argument_type_not_assignable
  error - The argument type 'String' can't be assigned to the parameter type 'AnomalyDetectionAdvancedRef'.  - lib\features\device\presentation\widgets\premium_anomaly_widget_redesigned.dart:20:32 - argument_type_not_assignable
  error - 3 positional arguments expected by 'anomalyDetectionAdvanced', but 2 found - lib\features\device\presentation\widgets\premium_anomaly_widget_redesigned.dart:20:48 - not_enough_positional_arguments
  error - The getter 'white50' isn't defined for the type 'Colors' - lib\features\device\presentation\widgets\premium_anomaly_widget_redesigned.dart:131:41 - undefined_getter
  error - The getter 'white40' isn't defined for the type 'Colors' - lib\features\device\presentation\widgets\premium_anomaly_widget_redesigned.dart:150:45 - undefined_getter
  error - The getter 'white40' isn't defined for the type 'Colors' - lib\features\device\presentation\widgets\premium_anomaly_widget_redesigned.dart:160:45 - undefined_getter
  error - Target of URI doesn't exist: '../../presentation/providers/prediction_engine_advanced.dart' - lib\features\device\presentation\widgets\premium_predictions_widget_redesigned.dart:4:8 - uri_does_not_exist
  error - The method 'predictionEngineAdvanced' isn't defined for the type 'PremiumPredictionsWidgetRedesigned' - lib\features\device\presentation\widgets\premium_predictions_widget_redesigned.dart:20:7 - undefined_method
  error - The getter 'white40' isn't defined for the type 'Colors' - lib\features\device\presentation\widgets\premium_predictions_widget_redesigned.dart:165:45 - undefined_getter
  error - The getter 'white40' isn't defined for the type 'Colors' - lib\features\device\presentation\widgets\premium_predictions_widget_redesigned.dart:175:45 - undefined_getter
  error - Undefined class 'PredictionSeverity' - lib\features\device\presentation\widgets\premium_predictions_widget_redesigned.dart:211:27 - undefined_class
  error - Undefined name 'PredictionSeverity' - lib\features\device\presentation\widgets\premium_predictions_widget_redesigned.dart:213:7 - undefined_identifier
  error - Undefined name 'PredictionSeverity' - lib\features\device\presentation\widgets\premium_predictions_widget_redesigned.dart:214:7 - undefined_identifier
  error - Undefined name 'PredictionSeverity' - lib\features\device\presentation\widgets\premium_predictions_widget_redesigned.dart:215:7 - undefined_identifier
  error - Target of URI doesn't exist: '../../presentation/providers/sensor_freshness_provider_v2.dart' - lib\features\device\presentation\widgets\premium_sensor_cards_horizontal.dart:6:8 - uri_does_not_exist
  error - The argument type 'Future<AnalyticsDataSnapshot>' can't be assigned to the parameter type 'ProviderListenable<dynamic>'.  - lib\features\device\presentation\widgets\premium_sensor_cards_horizontal.dart:23:7 - argument_type_not_assignable
  error - The argument type 'String' can't be assigned to the parameter type 'UnifiedAnalyticsProviderRef'.  - lib\features\device\presentation\widgets\premium_sensor_cards_horizontal.dart:23:32 - argument_type_not_assignable
  error - 3 positional arguments expected by 'unifiedAnalyticsProvider', but 2 found - lib\features\device\presentation\widgets\premium_sensor_cards_horizontal.dart:23:48 - not_enough_positional_arguments
  error - The method 'sensorFreshnessProviderV2' isn't defined for the type 'PremiumSensorCardsHorizontal' - lib\features\device\presentation\widgets\premium_sensor_cards_horizontal.dart:27:7 - undefined_method
  error - Undefined class 'SensorFreshness' - lib\features\device\presentation\widgets\premium_sensor_cards_horizontal.dart:110:5 - undefined_class
  error - The getter 'white40' isn't defined for the type 'Colors' - lib\features\device\presentation\widgets\premium_sensor_cards_horizontal.dart:188:33 - undefined_getter
  error - The getter 'white40' isn't defined for the type 'Colors' - lib\features\device\presentation\widgets\premium_sensor_cards_horizontal.dart:211:37 - undefined_getter
  error - Undefined class 'SensorFreshnessState' - lib\features\device\presentation\widgets\premium_sensor_cards_horizontal.dart:386:28 - undefined_class
  error - Undefined name 'SensorFreshnessState' - lib\features\device\presentation\widgets\premium_sensor_cards_horizontal.dart:388:7 - undefined_identifier
  error - Undefined name 'SensorFreshnessState' - lib\features\device\presentation\widgets\premium_sensor_cards_horizontal.dart:389:7 - undefined_identifier
  error - Undefined name 'SensorFreshnessState' - lib\features\device\presentation\widgets\premium_sensor_cards_horizontal.dart:390:7 - undefined_identifier
  error - Undefined name 'SensorFreshnessState' - lib\features\device\presentation\widgets\premium_sensor_cards_horizontal.dart:391:7 - undefined_identifier
  error - There's no constant named 'range24H' in 'ChartRange' - lib\features\device\presentation\widgets\premium_trends_chart_redesigned.dart:34:42 - undefined_enum_constant
  error - The argument type 'Future<AnalyticsDataSnapshot>' can't be assigned to the parameter type 'ProviderListenable<dynamic>'.  - lib\features\device\presentation\widgets\premium_trends_chart_redesigned.dart:39:7 - argument_type_not_assignable
  error - The argument type 'String' can't be assigned to the parameter type 'UnifiedAnalyticsProviderRef'.  - lib\features\device\presentation\widgets\premium_trends_chart_redesigned.dart:39:32 - argument_type_not_assignable
  error - 3 positional arguments expected by 'unifiedAnalyticsProvider', but 2 found - lib\features\device\presentation\widgets\premium_trends_chart_redesigned.dart:39:62 - not_enough_positional_arguments
  error - There's no constant named 'range1H' in 'ChartRange' - lib\features\device\presentation\widgets\premium_trends_chart_redesigned.dart:54:51 - undefined_enum_constant
  error - There's no constant named 'range24H' in 'ChartRange' - lib\features\device\presentation\widgets\premium_trends_chart_redesigned.dart:58:52 - undefined_enum_constant
  error - There's no constant named 'range7D' in 'ChartRange' - lib\features\device\presentation\widgets\premium_trends_chart_redesigned.dart:62:51 - undefined_enum_constant
  error - There's no constant named 'range30D' in 'ChartRange' - lib\features\device\presentation\widgets\premium_trends_chart_redesigned.dart:66:52 - undefined_enum_constant
  error - There's no constant named 'range1Y' in 'ChartRange' - lib\features\device\presentation\widgets\premium_trends_chart_redesigned.dart:70:51 - undefined_enum_constant
  error - There's no constant named 'range1H' in 'ChartRange' - lib\features\device\presentation\widgets\premium_trends_chart_redesigned.dart:211:23 - undefined_enum_constant
  error - There's no constant named 'range24H' in 'ChartRange' - lib\features\device\presentation\widgets\premium_trends_chart_redesigned.dart:214:23 - undefined_enum_constant
  error - There's no constant named 'range7D' in 'ChartRange' - lib\features\device\presentation\widgets\premium_trends_chart_redesigned.dart:217:23 - undefined_enum_constant
  error - There's no constant named 'range30D' in 'ChartRange' - lib\features\device\presentation\widgets\premium_trends_chart_redesigned.dart:220:23 - undefined_enum_constant
  error - There's no constant named 'range1Y' in 'ChartRange' - lib\features\device\presentation\widgets\premium_trends_chart_redesigned.dart:223:23 - undefined_enum_constant
  error - The getter 'avgTemperature' isn't defined for the type 'HourlyStatModel' - lib\features\device\presentation\widgets\premium_trends_chart_redesigned.dart:241:25 - undefined_getter
  error - The getter 'avgTemperature' isn't defined for the type 'DailyStatModel' - lib\features\device\presentation\widgets\premium_trends_chart_redesigned.dart:257:25 - undefined_getter
  error - The getter 'date' isn't defined for the type 'DailyStatModel' - lib\features\device\presentation\widgets\premium_trends_chart_redesigned.dart:258:29 - undefined_getter
  error - The getter 'avgTemperature' isn't defined for the type 'WeeklyStatModel' - lib\features\device\presentation\widgets\premium_trends_chart_redesigned.dart:273:25 - undefined_getter
  error - The getter 'weekStart' isn't defined for the type 'WeeklyStatModel' - lib\features\device\presentation\widgets\premium_trends_chart_redesigned.dart:274:29 - undefined_getter
  error - The getter 'avgTemperature' isn't defined for the type 'MonthlyStatModel' - lib\features\device\presentation\widgets\premium_trends_chart_redesigned.dart:289:25 - undefined_getter
  error - The getter 'avgTemperature' isn't defined for the type 'YearlyStatModel' - lib\features\device\presentation\widgets\premium_trends_chart_redesigned.dart:305:25 - undefined_getter
  error - Target of URI doesn't exist: 'compact_sensor_card.dart' - lib\features\device\presentation\widgets\widgets_export.dart:3:8 - uri_does_not_exist
  error - Target of URI doesn't exist: 'trend_chart_v2.dart' - lib\features\device\presentation\widgets\widgets_export.dart:7:8 - uri_does_not_exist
  error - Target of URI doesn't exist: 'performance_percentile_card.dart' - lib\features\device\presentation\widgets\widgets_export.dart:8:8 - uri_does_not_exist
  error - Target of URI doesn't exist: 'sensor_health_summary.dart' - lib\features\device\presentation\widgets\widgets_export.dart:9:8 - uri_does_not_exist
